// Jest Snapshot v1, https://goo.gl/fbAQLP

exports[`App renders basic info given a user 1`] = `
<div>
  <h1>
    Logged in as:
  </h1>
  <table>
    <tr>
      <td>
        ID
      </td>
      <td>
        foo
      </td>
    </tr>
    <tr>
      <td>
        Email
      </td>
      <td>
        bar@baz.com
      </td>
    </tr>
    <tr>
      <td>
        Created At
      </td>
      <td>
        a few seconds ago
      </td>
    </tr>
    <tr>
      <td>
        Last Updated
      </td>
      <td>
        a few seconds ago
      </td>
    </tr>
  </table>
  <button
    onClick={[Function]}
  >
    Log Out
  </button>
</div>
`;

exports[`App renders loading state with no user 1`] = `
<div>
  Loading
</div>
`;
